// Jest Snapshot v1, https://goo.gl/fbAQLP

exports[`LoginScreen snapshot matches 1`] = `
<Screen
  style={
    Object {
      "padding": 10,
    }
  }
>
  <Image
    source={1}
    style={
      Object {
        "alignSelf": "center",
        "height": 80,
        "marginBottom": 20,
        "marginTop": 50,
        "width": 80,
      }
    }
  />
  <AppForm
    initialValues={
      Object {
        "email": "",
        "password": "",
      }
    }
    onSubmit={[Function]}
    validationSchema={
      ObjectSchema {
        "_blacklist": ReferenceSet {
          "list": Set {},
          "refs": Map {},
        },
        "_blacklistError": undefined,
        "_excludedEdges": Array [],
        "_nodes": Array [
          "password",
          "email",
        ],
        "_sortErrors": [Function],
        "_typeError": [Function],
        "_whitelist": ReferenceSet {
          "list": Set {},
          "refs": Map {},
        },
        "_whitelistError": undefined,
        "conditions": Array [],
        "deps": Array [],
        "exclusiveTests": Object {},
        "fields": Object {
          "email": StringSchema {
            "_blacklist": ReferenceSet {
              "list": Set {},
              "refs": Map {},
            },
            "_blacklistError": undefined,
            "_typeError": [Function],
            "_whitelist": ReferenceSet {
              "list": Set {},
              "refs": Map {},
            },
            "_whitelistError": undefined,
            "conditions": Array [],
            "deps": Array [],
            "exclusiveTests": Object {
              "email": false,
              "required": true,
            },
            "spec": Object {
              "abortEarly": true,
              "label": "Email",
              "nullable": false,
              "presence": "required",
              "recursive": true,
              "strict": false,
              "strip": false,
            },
            "tests": Array [
              [Function],
              [Function],
            ],
            "transforms": Array [
              [Function],
            ],
            "type": "string",
          },
          "password": StringSchema {
            "_blacklist": ReferenceSet {
              "list": Set {},
              "refs": Map {},
            },
            "_blacklistError": undefined,
            "_typeError": [Function],
            "_whitelist": ReferenceSet {
              "list": Set {},
              "refs": Map {},
            },
            "_whitelistError": undefined,
            "conditions": Array [],
            "deps": Array [],
            "exclusiveTests": Object {
              "min": true,
              "required": true,
            },
            "spec": Object {
              "abortEarly": true,
              "label": "Password",
              "nullable": false,
              "presence": "required",
              "recursive": true,
              "strict": false,
              "strip": false,
            },
            "tests": Array [
              [Function],
              [Function],
            ],
            "transforms": Array [
              [Function],
            ],
            "type": "string",
          },
        },
        "spec": Object {
          "abortEarly": true,
          "nullable": false,
          "presence": "optional",
          "recursive": true,
          "strict": false,
          "strip": false,
        },
        "tests": Array [],
        "transforms": Array [
          [Function],
        ],
        "type": "object",
      }
    }
  >
    <AppFormField
      autoCapitalize="none"
      autoCorrect={false}
      icon="email"
      keyboardType="email-address"
      name="email"
      placeholder="Email"
      textContentType="emailAddress"
    />
    <AppFormField
      autoCapitalize="none"
      autoCorrect={false}
      icon="lock"
      name="password"
      placeholder="Password"
      secureTextEntry={true}
      textContentType="password"
    />
    <SubmitButton
      title="Login"
    />
  </AppForm>
</Screen>
`;
