// Jest Snapshot v1, https://goo.gl/fbAQLP

exports[`RegisterScreen snapshot matches 1`] = `
<RCTSafeAreaView
  emulateUnlessSupported={true}
  style={
    Array [
      Object {
        "flex": 1,
        "paddingTop": 0,
      },
      Object {
        "padding": 10,
      },
    ]
  }
>
  <View
    style={
      Array [
        Object {
          "flex": 1,
        },
        Object {
          "padding": 10,
        },
      ]
    }
  >
    <View
      style={
        Array [
          Object {
            "alignItems": "center",
            "backgroundColor": "#f8f4f4",
            "borderRadius": 25,
            "flexDirection": "row",
            "marginVertical": 10,
            "padding": 15,
          },
          Object {
            "width": "100%",
          },
        ]
      }
    >
      <View
        color="#6e6969"
        name="account"
        size={20}
        style={
          Object {
            "marginRight": 10,
          }
        }
      />
      <TextInput
        allowFontScaling={true}
        autoCorrect={false}
        onBlur={[Function]}
        onChangeText={[Function]}
        placeholder="Name"
        placeholderTextColor="#6e6969"
        rejectResponderTermination={true}
        style={
          Object {
            "color": "#0c0c0c",
            "fontFamily": "Avenir",
            "fontSize": 18,
          }
        }
        underlineColorAndroid="transparent"
      />
    </View>
    <View
      style={
        Array [
          Object {
            "alignItems": "center",
            "backgroundColor": "#f8f4f4",
            "borderRadius": 25,
            "flexDirection": "row",
            "marginVertical": 10,
            "padding": 15,
          },
          Object {
            "width": "100%",
          },
        ]
      }
    >
      <View
        color="#6e6969"
        name="email"
        size={20}
        style={
          Object {
            "marginRight": 10,
          }
        }
      />
      <TextInput
        allowFontScaling={true}
        autoCapitalize="none"
        autoCorrect={false}
        keyboardType="email-address"
        onBlur={[Function]}
        onChangeText={[Function]}
        placeholder="Email"
        placeholderTextColor="#6e6969"
        rejectResponderTermination={true}
        style={
          Object {
            "color": "#0c0c0c",
            "fontFamily": "Avenir",
            "fontSize": 18,
          }
        }
        textContentType="emailAddress"
        underlineColorAndroid="transparent"
      />
    </View>
    <View
      style={
        Array [
          Object {
            "alignItems": "center",
            "backgroundColor": "#f8f4f4",
            "borderRadius": 25,
            "flexDirection": "row",
            "marginVertical": 10,
            "padding": 15,
          },
          Object {
            "width": "100%",
          },
        ]
      }
    >
      <View
        color="#6e6969"
        name="lock"
        size={20}
        style={
          Object {
            "marginRight": 10,
          }
        }
      />
      <TextInput
        allowFontScaling={true}
        autoCapitalize="none"
        autoCorrect={false}
        onBlur={[Function]}
        onChangeText={[Function]}
        placeholder="Password"
        placeholderTextColor="#6e6969"
        rejectResponderTermination={true}
        secureTextEntry={true}
        style={
          Object {
            "color": "#0c0c0c",
            "fontFamily": "Avenir",
            "fontSize": 18,
          }
        }
        textContentType="password"
        underlineColorAndroid="transparent"
      />
    </View>
    <View
      accessible={true}
      focusable={true}
      onClick={[Function]}
      onResponderGrant={[Function]}
      onResponderMove={[Function]}
      onResponderRelease={[Function]}
      onResponderTerminate={[Function]}
      onResponderTerminationRequest={[Function]}
      onStartShouldSetResponder={[Function]}
      style={
        Object {
          "alignItems": "center",
          "backgroundColor": "#fc5c65",
          "borderRadius": 25,
          "justifyContent": "center",
          "marginVertical": 10,
          "opacity": 1,
          "padding": 15,
          "width": "100%",
        }
      }
    >
      <Text
        style={
          Object {
            "color": "#fff",
            "fontSize": 18,
            "fontWeight": "bold",
            "textTransform": "uppercase",
          }
        }
      >
        Register
      </Text>
    </View>
  </View>
</RCTSafeAreaView>
`;
