// Jest Snapshot v1, https://goo.gl/fbAQLP

exports[`AppText matches snapshot 1`] = `
<Text
  style={
    Array [
      Object {
        "color": "#000",
        "fontFamily": "Avenir",
        "fontSize": 20,
      },
      undefined,
    ]
  }
>
  Test
</Text>
`;
