// Jest Snapshot v1, https://goo.gl/fbAQLP

exports[`AppTextInput snapshot matches 1`] = `<View />`;
