// Jest Snapshot v1, https://goo.gl/fbAQLP

exports[`Error Message snapshot matches 1`] = `""`;
