// Jest Snapshot v1, https://goo.gl/fbAQLP

exports[`ListItemSeparator snapshot matches 1`] = `
<View
  style={
    Object {
      "backgroundColor": "#f8f4f4",
      "height": 1,
      "width": "100%",
    }
  }
/>
`;
