// Jest Snapshot v1, https://goo.gl/fbAQLP

exports[`Screen snapshot matches 1`] = `
<ForwardRef(SafeAreaView)
  style={
    Array [
      Object {
        "flex": 1,
        "paddingTop": 0,
      },
      undefined,
    ]
  }
>
  <View />
</ForwardRef(SafeAreaView)>
`;
